{
  "run_id": "quarry-20260829T002429Z-c-w2-r3",
  "killed_worker_id": "3503caf4-d565-4623-ac6a-d3e8cfd3b3df",
  "replacement_worker_ids": [
    "301b5486-ed9e-486e-8694-1edad5bf58f2"
  ],
  "worker_terminated_at": "2026-08-29T01:31:45.4595589Z",
  "sample_count": 8,
  "kill_to_replacement_start": {
    "count": 8,
    "p50": 20534552100,
    "p95": 20534552100,
    "p99": 20534552100
  },
  "kill_to_success": {
    "count": 8,
    "p50": 26540665100,
    "p95": 26540777100,
    "p99": 26540777100
  }
}

