{
  "run_id": "quarry-20260829T002429Z-b-w8-r2",
  "measurement_started_at": "2026-08-29T01:21:18.7832074Z",
  "measurement_ended_at": "2026-08-29T01:23:18.7832074Z",
  "warmup_sample_count": 2196,
  "measurement_sample_count": 8847,
  "submitted_count": 8847,
  "completed_count": 8839,
  "successful_count": 8839,
  "terminal_failure_count": 0,
  "submission_failure_count": 0,
  "incomplete_count": 0,
  "submitted_per_second": 73.725,
  "completed_per_second": 73.65833333333333,
  "end_to_end": {
    "count": 8839,
    "p50": 78758000,
    "p95": 221059000,
    "p99": 305832000
  },
  "scheduling": {
    "count": 8839,
    "p50": 48099000,
    "p95": 189492000,
    "p99": 275405000
  },
  "attempt_duration": {
    "count": 8839,
    "p50": 30342000,
    "p95": 32074000,
    "p99": 33465000
  },
  "client_observed": {
    "count": 8839,
    "p50": 89739800,
    "p95": 231175500,
    "p99": 317785100
  }
}

