{
  "run_id": "quarry-20260828T175129Z-b-w2-r3",
  "measurement_started_at": "2026-08-28T18:35:39.5587898Z",
  "measurement_ended_at": "2026-08-28T18:37:39.5587898Z",
  "warmup_sample_count": 792,
  "measurement_sample_count": 3133,
  "submitted_count": 3133,
  "completed_count": 3125,
  "successful_count": 3125,
  "terminal_failure_count": 0,
  "submission_failure_count": 0,
  "incomplete_count": 0,
  "submitted_per_second": 26.108333333333334,
  "completed_per_second": 26.041666666666668,
  "end_to_end": {
    "count": 3125,
    "p50": 263335000,
    "p95": 693572000,
    "p99": 825561000
  },
  "scheduling": {
    "count": 3125,
    "p50": 233487000,
    "p95": 661116000,
    "p99": 795497000
  },
  "attempt_duration": {
    "count": 3125,
    "p50": 29917000,
    "p95": 31084000,
    "p99": 38910000
  },
  "client_observed": {
    "count": 3125,
    "p50": 275254200,
    "p95": 703832700,
    "p99": 832099300
  }
}

