{
  "run_id": "quarry-20260828T230846Z-a-w4-r3",
  "measurement_started_at": "2026-08-28T23:30:03.1484757Z",
  "measurement_ended_at": "2026-08-28T23:32:03.1484757Z",
  "warmup_sample_count": 1640,
  "measurement_sample_count": 6640,
  "submitted_count": 6640,
  "completed_count": 6632,
  "successful_count": 6632,
  "terminal_failure_count": 0,
  "submission_failure_count": 0,
  "incomplete_count": 0,
  "submitted_per_second": 55.333333333333336,
  "completed_per_second": 55.266666666666666,
  "end_to_end": {
    "count": 6632,
    "p50": 110641000,
    "p95": 347144000,
    "p99": 446965000
  },
  "scheduling": {
    "count": 6632,
    "p50": 105516000,
    "p95": 342307000,
    "p99": 442460000
  },
  "attempt_duration": {
    "count": 6632,
    "p50": 4854000,
    "p95": 6416000,
    "p99": 7945000
  },
  "client_observed": {
    "count": 6632,
    "p50": 121897400,
    "p95": 358620400,
    "p99": 459643500
  }
}

