{
  "run_id": "quarry-20260829T002429Z-b-w8-r3",
  "measurement_started_at": "2026-08-29T01:23:51.5318577Z",
  "measurement_ended_at": "2026-08-29T01:25:51.5318577Z",
  "warmup_sample_count": 2223,
  "measurement_sample_count": 8722,
  "submitted_count": 8722,
  "completed_count": 8714,
  "successful_count": 8714,
  "terminal_failure_count": 0,
  "submission_failure_count": 0,
  "incomplete_count": 0,
  "submitted_per_second": 72.68333333333334,
  "completed_per_second": 72.61666666666666,
  "end_to_end": {
    "count": 8714,
    "p50": 82396000,
    "p95": 227655000,
    "p99": 306048000
  },
  "scheduling": {
    "count": 8714,
    "p50": 51967000,
    "p95": 195405000,
    "p99": 275919000
  },
  "attempt_duration": {
    "count": 8714,
    "p50": 30379000,
    "p95": 31943000,
    "p99": 33240000
  },
  "client_observed": {
    "count": 8714,
    "p50": 92957600,
    "p95": 235350500,
    "p99": 317825500
  }
}

