{
  "run_id": "quarry-20260829T002429Z-a-w2-r2",
  "measurement_started_at": "2026-08-29T00:35:37.3832019Z",
  "measurement_ended_at": "2026-08-29T00:37:37.3832019Z",
  "warmup_sample_count": 873,
  "measurement_sample_count": 3440,
  "submitted_count": 3440,
  "completed_count": 3432,
  "successful_count": 3432,
  "terminal_failure_count": 0,
  "submission_failure_count": 0,
  "incomplete_count": 0,
  "submitted_per_second": 28.666666666666668,
  "completed_per_second": 28.6,
  "end_to_end": {
    "count": 3432,
    "p50": 227843000,
    "p95": 644652000,
    "p99": 801350000
  },
  "scheduling": {
    "count": 3432,
    "p50": 223053000,
    "p95": 638740000,
    "p99": 795808000
  },
  "attempt_duration": {
    "count": 3432,
    "p50": 4853000,
    "p95": 7177000,
    "p99": 8610000
  },
  "client_observed": {
    "count": 3432,
    "p50": 234699700,
    "p95": 649512800,
    "p99": 810180300
  }
}

