{
  "run_id": "quarry-20260828T230846Z-b-w8-r3",
  "measurement_started_at": "2026-08-29T00:08:12.0929283Z",
  "measurement_ended_at": "2026-08-29T00:10:12.0929283Z",
  "warmup_sample_count": 2280,
  "measurement_sample_count": 9096,
  "submitted_count": 9096,
  "completed_count": 9088,
  "successful_count": 9088,
  "terminal_failure_count": 0,
  "submission_failure_count": 0,
  "incomplete_count": 0,
  "submitted_per_second": 75.8,
  "completed_per_second": 75.73333333333333,
  "end_to_end": {
    "count": 9088,
    "p50": 78254000,
    "p95": 216945000,
    "p99": 318151000
  },
  "scheduling": {
    "count": 9088,
    "p50": 47915000,
    "p95": 185234000,
    "p99": 288240000
  },
  "attempt_duration": {
    "count": 9088,
    "p50": 30119000,
    "p95": 31548000,
    "p99": 32746000
  },
  "client_observed": {
    "count": 9088,
    "p50": 89441400,
    "p95": 223112100,
    "p99": 326715900
  }
}

